// Jest Snapshot v1, https://goo.gl/fbAQLP

exports[`renders homepage unchanged 1`] = `
<div>
  <div>
    <div
      class="MuiContainer-root MuiContainer-maxWidthLg css-a9m9fq-MuiContainer-root"
    >
      <div
        class="MuiBox-root css-1ksubjg"
        style="opacity: 1; transform: scale(1, 1); transition: opacity 0ms cubic-bezier(0.4, 0, 0.2, 1) 0ms,transform 0ms cubic-bezier(0.4, 0, 0.2, 1) 0ms;"
      >
        <div
          active="true"
          class="MuiPaper-root MuiPaper-elevation MuiPaper-rounded MuiPaper-elevation1 css-1lsoqel-MuiPaper-root"
        >
          <div
            class="MuiBox-root css-17fo2je"
          />
          <h4
            class="MuiTypography-root MuiTypography-h4 css-enw4t0-MuiTypography-root"
          >
            -
          </h4>
        </div>
        <div
          active="false"
          class="MuiPaper-root MuiPaper-elevation MuiPaper-rounded MuiPaper-elevation1 css-1lsoqel-MuiPaper-root"
        >
          <div
            class="MuiBox-root css-17fo2je"
          />
          <h4
            class="MuiTypography-root MuiTypography-h4 css-enw4t0-MuiTypography-root"
          >
            -
          </h4>
        </div>
        <div
          active="false"
          class="MuiPaper-root MuiPaper-elevation MuiPaper-rounded MuiPaper-elevation1 css-1lsoqel-MuiPaper-root"
        >
          <div
            class="MuiBox-root css-17fo2je"
          />
          <h4
            class="MuiTypography-root MuiTypography-h4 css-enw4t0-MuiTypography-root"
          >
            -
          </h4>
        </div>
        <div
          active="false"
          class="MuiPaper-root MuiPaper-elevation MuiPaper-rounded MuiPaper-elevation1 css-1lsoqel-MuiPaper-root"
        >
          <div
            class="MuiBox-root css-17fo2je"
          />
          <h4
            class="MuiTypography-root MuiTypography-h4 css-enw4t0-MuiTypography-root"
          >
            -
          </h4>
        </div>
        <div
          active="false"
          class="MuiPaper-root MuiPaper-elevation MuiPaper-rounded MuiPaper-elevation1 css-1lsoqel-MuiPaper-root"
        >
          <div
            class="MuiBox-root css-17fo2je"
          />
          <h4
            class="MuiTypography-root MuiTypography-h4 css-enw4t0-MuiTypography-root"
          >
            -
          </h4>
        </div>
        <div
          active="false"
          class="MuiPaper-root MuiPaper-elevation MuiPaper-rounded MuiPaper-elevation1 css-1lsoqel-MuiPaper-root"
        >
          <div
            class="MuiBox-root css-17fo2je"
          />
          <h4
            class="MuiTypography-root MuiTypography-h4 css-enw4t0-MuiTypography-root"
          >
            -
          </h4>
        </div>
        <div
          active="false"
          class="MuiPaper-root MuiPaper-elevation MuiPaper-rounded MuiPaper-elevation1 css-1lsoqel-MuiPaper-root"
        >
          <div
            class="MuiBox-root css-17fo2je"
          />
          <h4
            class="MuiTypography-root MuiTypography-h4 css-enw4t0-MuiTypography-root"
          >
            -
          </h4>
        </div>
        <div
          active="false"
          class="MuiPaper-root MuiPaper-elevation MuiPaper-rounded MuiPaper-elevation1 css-1lsoqel-MuiPaper-root"
        >
          <div
            class="MuiBox-root css-17fo2je"
          />
          <h4
            class="MuiTypography-root MuiTypography-h4 css-enw4t0-MuiTypography-root"
          >
            -
          </h4>
        </div>
        <div
          active="false"
          class="MuiPaper-root MuiPaper-elevation MuiPaper-rounded MuiPaper-elevation1 css-1lsoqel-MuiPaper-root"
        >
          <div
            class="MuiBox-root css-17fo2je"
          />
          <h4
            class="MuiTypography-root MuiTypography-h4 css-enw4t0-MuiTypography-root"
          >
            -
          </h4>
        </div>
        <div
          active="false"
          class="MuiPaper-root MuiPaper-elevation MuiPaper-rounded MuiPaper-elevation1 css-1lsoqel-MuiPaper-root"
        >
          <div
            class="MuiBox-root css-17fo2je"
          />
          <h4
            class="MuiTypography-root MuiTypography-h4 css-enw4t0-MuiTypography-root"
          >
            -
          </h4>
        </div>
      </div>
      <div
        class="MuiBox-root css-1uz10ix"
      >
        <button
          class="MuiButton-root MuiButton-contained MuiButton-containedSecondary MuiButton-sizeMedium MuiButton-containedSizeMedium MuiButtonBase-root  css-zi8w02-MuiButtonBase-root-MuiButton-root"
          tabindex="0"
          type="button"
        >
          1
          <span
            class="MuiTouchRipple-root css-8je8zh-MuiTouchRipple-root"
          />
        </button>
        <button
          class="MuiButton-root MuiButton-contained MuiButton-containedSecondary MuiButton-sizeMedium MuiButton-containedSizeMedium MuiButtonBase-root  css-zi8w02-MuiButtonBase-root-MuiButton-root"
          tabindex="0"
          type="button"
        >
          2
          <span
            class="MuiTouchRipple-root css-8je8zh-MuiTouchRipple-root"
          />
        </button>
        <button
          class="MuiButton-root MuiButton-contained MuiButton-containedSecondary MuiButton-sizeMedium MuiButton-containedSizeMedium MuiButtonBase-root  css-zi8w02-MuiButtonBase-root-MuiButton-root"
          tabindex="0"
          type="button"
        >
          3
          <span
            class="MuiTouchRipple-root css-8je8zh-MuiTouchRipple-root"
          />
        </button>
        <button
          class="MuiButton-root MuiButton-contained MuiButton-containedSecondary MuiButton-sizeMedium MuiButton-containedSizeMedium MuiButtonBase-root  css-zi8w02-MuiButtonBase-root-MuiButton-root"
          tabindex="0"
          type="button"
        >
          4
          <span
            class="MuiTouchRipple-root css-8je8zh-MuiTouchRipple-root"
          />
        </button>
        <button
          class="MuiButton-root MuiButton-contained MuiButton-containedSecondary MuiButton-sizeMedium MuiButton-containedSizeMedium MuiButtonBase-root  css-zi8w02-MuiButtonBase-root-MuiButton-root"
          tabindex="0"
          type="button"
        >
          5
          <span
            class="MuiTouchRipple-root css-8je8zh-MuiTouchRipple-root"
          />
        </button>
        <button
          class="MuiButton-root MuiButton-contained MuiButton-containedSecondary MuiButton-sizeMedium MuiButton-containedSizeMedium MuiButtonBase-root  css-zi8w02-MuiButtonBase-root-MuiButton-root"
          tabindex="0"
          type="button"
        >
          6
          <span
            class="MuiTouchRipple-root css-8je8zh-MuiTouchRipple-root"
          />
        </button>
        <button
          class="MuiButton-root MuiButton-contained MuiButton-containedSecondary MuiButton-sizeMedium MuiButton-containedSizeMedium MuiButtonBase-root  css-zi8w02-MuiButtonBase-root-MuiButton-root"
          tabindex="0"
          type="button"
        >
          7
          <span
            class="MuiTouchRipple-root css-8je8zh-MuiTouchRipple-root"
          />
        </button>
        <button
          class="MuiButton-root MuiButton-contained MuiButton-containedSecondary MuiButton-sizeMedium MuiButton-containedSizeMedium MuiButtonBase-root  css-zi8w02-MuiButtonBase-root-MuiButton-root"
          tabindex="0"
          type="button"
        >
          8
          <span
            class="MuiTouchRipple-root css-8je8zh-MuiTouchRipple-root"
          />
        </button>
        <button
          class="MuiButton-root MuiButton-contained MuiButton-containedSecondary MuiButton-sizeMedium MuiButton-containedSizeMedium MuiButtonBase-root  css-zi8w02-MuiButtonBase-root-MuiButton-root"
          tabindex="0"
          type="button"
        >
          9
          <span
            class="MuiTouchRipple-root css-8je8zh-MuiTouchRipple-root"
          />
        </button>
        <button
          class="MuiButton-root MuiButton-contained MuiButton-containedSecondary MuiButton-sizeMedium MuiButton-containedSizeMedium MuiButtonBase-root  css-zi8w02-MuiButtonBase-root-MuiButton-root"
          tabindex="0"
          type="button"
        >
          10
          <span
            class="MuiTouchRipple-root css-8je8zh-MuiTouchRipple-root"
          />
        </button>
      </div>
      <div
        class="MuiChip-root MuiChip-outlined MuiChip-sizeMedium MuiChip-colorPrimary MuiChip-outlinedPrimary css-1jbpm5n-MuiChip-root"
      >
        <svg
          aria-hidden="true"
          class="MuiSvgIcon-root MuiSvgIcon-fontSizeMedium MuiChip-icon MuiChip-iconMedium MuiChip-iconColorPrimary css-i4bv87-MuiSvgIcon-root"
          data-testid="SportsScoreIcon"
          focusable="false"
          viewBox="0 0 24 24"
        >
          <path
            d="M11 6H9V4h2v2zm4-2h-2v2h2V4zM9 14h2v-2H9v2zm10-4V8h-2v2h2zm0 4v-2h-2v2h2zm-6 0h2v-2h-2v2zm6-10h-2v2h2V4zm-6 4V6h-2v2h2zm-6 2V8h2V6H7V4H5v16h2v-8h2v-2H7zm8 2h2v-2h-2v2zm-4-2v2h2v-2h-2zM9 8v2h2V8H9zm4 2h2V8h-2v2zm2-4v2h2V6h-2z"
          />
        </svg>
        <span
          class="MuiChip-label MuiChip-labelMedium css-6od3lo-MuiChip-label"
        >
          Total Score : 0
        </span>
      </div>
    </div>
  </div>
</div>
`;
